================================================================
SET 1 — the round-4 judge's 86 rows (43 pre-round-4 files x tails policy+hold)
   best_r2_blockclimb_180mm.json      done  [3s]
   best_r2_blockclimb_90mm.json       done  [5s]
   best_r2_blockdrag.json             done  [7s]
   best_r2_blockpush.json             done  [8s]
   best_r2_cornerstem_120mm.json      done  [9s]
   best_r2_cornerstem_180mm.json      done  [12s]
   best_r2_vault_40mm.json            done  [14s]
   best_r2_vault_60mm.json            done  [16s]
   best_r2_vault_90mm.json            done  [19s]
   best_r3_cornerclimb2_120mm.json    done  [21s]
   best_r3_cornerclimb_120mm.json     done  [22s]
   best_r3_cornerclimb_180mm.json     done  [24s]
   best_r3_landvault_80mm.json        done  [27s]
   best_r3_landvault_90mm.json        done  [29s]
   best_r3_vault_40mm.json            done  [32s]
   best_r3_vault_50mm.json            done  [34s]
   best_r3_vault_60mm.json            done  [36s]
   best_r3_vault_70mm.json            done  [38s]
   best_r3_vault_80mm.json            done  [41s]
   best_0_120mm.json                  done  [43s]
   best_0_180mm.json                  done  [45s]
   best_0_20mm.json                   done  [47s]
   best_0_40mm.json                   done  [49s]
   best_0_60mm.json                   done  [51s]
   best_0_90mm.json                   done  [53s]
   best_1_120mm.json                  done  [56s]
   best_1_180mm.json                  done  [58s]
   best_1_20mm.json                   done  [60s]
   best_1_40mm.json                   done  [63s]
   best_1_60mm.json                   done  [65s]
   best_1_90mm.json                   done  [67s]
   best_2_120mm.json                  done  [70s]
   best_2_180mm.json                  done  [72s]
   best_2_20mm.json                   done  [74s]
   best_2_40mm.json                   done  [76s]
   best_2_60mm.json                   done  [79s]
   best_2_90mm.json                   done  [81s]
   ctrl_do_nothing.json               done  [83s]
   ctrl_on_tread_40mm.json            done  [86s]
   ctrl_on_tread_60mm.json            done  [88s]
   ctrl_on_tread_90mm.json            done  [91s]
   ctrl_on_tread_120mm.json           done  [93s]
   ctrl_walk_only.json                done  [96s]
   rows: 86
   vs rig3_pre_r5 (ROUND-5 INERTNESS, every field deep): EXACT 86/86
   vs rig3_pre_r4 (the judge's PHASE P): state 86/86, reward 86/86, criterion rows moved 0

SET 2 — every scorable intent JSON in climb/ (116 files) x tails policy+hold = 232 rows, vs rig3_pre_r5
   rows 232   EXACT 232/232   [288s]

VERDICT: INERT — 318 rows identical to the round-4 instrument at full float digits   [288s]
