================================================================
PHASE S0 — a servo that never arms is the timed move (base ../climb/best_r3_vault_60mm.json, tuck t=1.1484s)
   base      x=0.3342751251273466 z=0.17613474586397462 reward=12 minPenEpisode=-0.008574988772229621
   servo@99s x=0.3342751251273466 z=0.17613474586397462 reward=12 minPenEpisode=-0.008574988772229621  armed=false
   DEGENERATE MATCH: true

PHASE S1 — servo ARMED at the tuck (t=1.1484s). Same file, same keyframes, same blend/gap/side.
   timed  : x=334.3mm z=176.1mm above=116.1mm feetOnTread=2 up=true honest=true reward=12.000 upTail=50/50
   servoed: x=-151.4mm z=65.9mm above=5.9mm feetOnTread=0 up=false honest=false reward=0.250 upTail=10/50
   servo armed=true tArm=1.16s ticks=104
   trunk moved -485.7 mm in x, -110.2 mm in z at the scored instant
   tick   phase   timed x/z/lfootX/lfootZ (mm)          servoed x/z/lfootX/lfootZ (mm)        |dx| |dz| |dfootZ|
      0  settle    31.2  117.6    38.4    7.2      31.2  117.6    38.4    7.2     0.0   0.0    0.0
     30  track     33.8  115.7      39    5.5      33.8  115.7      39    5.5     0.0   0.0    0.0
     60  track     81.9  107.8    67.5    7.9      81.9  107.8    67.5    7.9     0.0   0.0    0.0
     90  track    159.4  118.2   143.3  127.8     159.5  113.9    89.9   62.2     0.1   4.3   65.6
    100  track    201.1  118.7   231.2  130.5       196   98.4    96.4   77.2     5.1  20.3   53.3
    110  track    189.2  104.6   216.7   86.2       203   96.8   101.3   78.3    13.8   7.8    7.9
    120  track    176.5    105   265.5  102.7     203.3   97.1   101.6   77.7    26.8   7.9   25.0
    130  track    197.5  107.6   263.6   91.6     203.5   97.5   101.8   77.2     6.0  10.1   14.4
    140  track    209.8  150.1   254.1   76.1     203.7   97.7     102   76.9     6.1  52.4    0.8
    150  track    211.9  176.2     234   77.2       204   97.9   102.2   76.7     7.9  78.3    0.5
    160  track      227    177   242.8     70     204.2     98   102.4   76.6    22.8  79.0    6.6
    170  track    269.4  179.5   264.2   70.3     204.5   98.2   102.6   76.4    64.9  81.3    6.1
    180  track      315  177.9   311.6   66.7     204.7   98.3   102.8   76.3   110.3  79.6    9.6
    190  track    341.7  177.1   348.4   65.9     198.9  106.1   116.8  106.8   142.8  71.0   40.9
    200  track    338.2  176.3   348.3   65.4     147.3  110.3   131.3   86.2   190.9  66.0   20.8
    210  track    334.4    176     348   65.1      55.2  114.1     126   86.5   279.2  61.9   21.4
    220  track    334.7    176   348.1   65.2     -44.3     48   -40.3  128.6   379.0 128.0   63.4
    230  track    334.3  176.1   348.1   65.2    -115.7   53.8  -173.9   33.5   450.0 122.3   31.7
   first tick the two trajectories differ: 90 (servo armed at track t=1.16s = tick 83)
   peak divergence over the episode: trunk x 450.0 mm, trunk z 128.0 mm, left foot z 65.6 mm
   scoreSaved returned a FULL row: fields=44 crit=false penAtScore=50.0mm minPenEpisode=-8.6mm uprightTail=10/50 sha-able=true
   servo readings and commands (every 5th servoed tick):
      t=  1.16  above=   59.1mm pitch= -0.1744 trunkX=  119.9mm  Lfoot dx=  -41.4 dz=  -22.5  ->  hipP=[0.4456, -1.0725] knee=[-1.4208, 1.4208] ank=[0.5083, -1.4208]
      t=  1.26  above=   55.7mm pitch= -0.4192 trunkX=    155mm  Lfoot dx=  -28.2 dz=    0.6  ->  hipP=[0.0299, -0.3225] knee=[-1.1934, 1.2072] ank=[0.6787, -0.6879]
      t=  1.36  above=   50.3mm pitch= -0.1828 trunkX=  166.2mm  Lfoot dx=  -30.3 dz=      6  ->  hipP=[0.1823, -0.205] knee=[-1.196, 1.2037] ank=[0.7678, -0.773]
      t=  1.46  above=   41.1mm pitch=  0.0918 trunkX=  189.8mm  Lfoot dx=  -26.9 dz=   12.9  ->  hipP=[0.3568, -0.3637] knee=[-1.2039, 1.1854] ank=[0.8708, -0.8584]
      t=  1.56  above=   38.3mm pitch=  0.0459 trunkX=  197.8mm  Lfoot dx=  -23.7 dz=   18.7  ->  hipP=[0.3295, -0.3207] knee=[-1.2009, 1.2022] ank=[0.8466, -0.8475]
      t=  1.66  above=   37.1mm pitch=  0.0768 trunkX=  202.2mm  Lfoot dx=  -20.6 dz=   18.5  ->  hipP=[0.3463, -0.3355] knee=[-1.2037, 1.2045] ank=[0.8591, -0.8597]
      t=  1.76  above=   36.8mm pitch=  0.0842 trunkX=  203.3mm  Lfoot dx=  -18.4 dz=   18.8  ->  hipP=[0.3484, -0.3403] knee=[-1.2037, 1.2051] ank=[0.8618, -0.8627]
      t=  1.86  above=     37mm pitch=  0.0723 trunkX=  203.2mm  Lfoot dx=  -18.4 dz=     18  ->  hipP=[0.341, -0.3324] knee=[-1.2045, 1.205] ank=[0.8579, -0.8582]
      t=  1.96  above=   37.2mm pitch=  0.0675 trunkX=  203.3mm  Lfoot dx=  -18.4 dz=   17.6  ->  hipP=[0.3377, -0.3289] knee=[-1.2047, 1.2048] ank=[0.8563, -0.8564]
      t=  2.06  above=   37.4mm pitch=  0.0638 trunkX=  203.4mm  Lfoot dx=  -18.3 dz=   17.3  ->  hipP=[0.3351, -0.3261] knee=[-1.2048, 1.2046] ank=[0.8551, -0.855]
      t=  2.16  above=   37.5mm pitch=  0.0603 trunkX=  203.5mm  Lfoot dx=  -18.2 dz=   17.1  ->  hipP=[0.3328, -0.3235] knee=[-1.2048, 1.2044] ank=[0.8539, -0.8537]
      t=  2.26  above=   37.6mm pitch=   0.058 trunkX=  203.6mm  Lfoot dx=  -18.1 dz=     17  ->  hipP=[0.3311, -0.3216] knee=[-1.2048, 1.2043] ank=[0.8531, -0.8528]
      t=  2.36  above=   37.7mm pitch=  0.0558 trunkX=  203.8mm  Lfoot dx=    -18 dz=   16.9  ->  hipP=[0.3295, -0.3198] knee=[-1.2048, 1.2042] ank=[0.8524, -0.852]
      t=  2.46  above=   37.8mm pitch=  0.0541 trunkX=  203.9mm  Lfoot dx=  -17.9 dz=   16.8  ->  hipP=[0.3282, -0.3183] knee=[-1.2048, 1.2042] ank=[0.8518, -0.8514]

PHASE S2 — the same servo file on 50 / 60 / 70 mm: does the command change with the rise?
   rise 50mm  servoed x=33.1 z=119.1 honest=false | timed x=12.2 z=116.4 honest=false
      first servo tick above=68.6mm -> hipPitch=[0.2475, -1.4208] knee=[-1.4208, 1.4208]
      last  servo tick above=37.7mm -> hipPitch=[0.3401, -0.2693] knee=[-1.205, 1.1976]
   rise 60mm  servoed x=-151.4 z=65.9 honest=false | timed x=334.3 z=176.1 honest=true
      first servo tick above=59.1mm -> hipPitch=[0.4456, -1.0725] knee=[-1.4208, 1.4208]
      last  servo tick above=38.4mm -> hipPitch=[0.3217, -0.3106] knee=[-1.2043, 1.2036]
   rise 70mm  servoed x=34.8 z=115.0 honest=false | timed x=73.2 z=116.4 honest=false
      first servo tick above=50.3mm -> hipPitch=[0.6215, -0.8693] knee=[-1.4208, 1.4208]
      last  servo tick above=38.5mm -> hipPitch=[0.357, -0.3537] knee=[-1.2048, 1.2068]

PHASE N — whole-episode penetration on every published clear (14-cell grid, every tick of every cell)
   best_r2_vault_40mm.json      sha 86813f9c1ad4  kCore=1/9 kCoreStable=1/9 kExt=1/14
      worst minPenetrationEpisode over all 14 cells : -11.71 mm   (at-score worst -1.40 mm)
      worst over the CLEARED cells                  : -6.75 mm
      cells deeper than -15 mm: 0/14   of which CLEARS: 0
      CLEAR rise=40 drop=0.12 f=1 stable=true atScore=-0.75mm EPISODE=-6.75mm (tick 81, right_foot_collision<->step0_geom)
      [14s]
   best_r2_vault_60mm.json      sha 74d35b21ac80  kCore=2/9 kCoreStable=1/9 kExt=2/14
      worst minPenetrationEpisode over all 14 cells : -12.08 mm   (at-score worst -2.15 mm)
      worst over the CLEARED cells                  : -8.99 mm
      cells deeper than -15 mm: 0/14   of which CLEARS: 0
      CLEAR rise=60 drop=0.12 f=1 stable=false atScore=-2.15mm EPISODE=-8.99mm (tick 102, g30<->step0_geom)
      CLEAR rise=60 drop=0.125 f=1.3 stable=true atScore=-1.22mm EPISODE=-8.67mm (tick 100, g30<->step0_geom)
      [23s]
   best_r3_vault_40mm.json      sha dff01b0a1906  kCore=2/9 kCoreStable=1/9 kExt=2/14
      worst minPenetrationEpisode over all 14 cells : -12.13 mm   (at-score worst -1.22 mm)
      worst over the CLEARED cells                  : -6.98 mm
      cells deeper than -15 mm: 0/14   of which CLEARS: 0
      CLEAR rise=30 drop=0.12 f=1 stable=false atScore=-0.82mm EPISODE=-6.98mm (tick 52, g30<->step0_geom)
      CLEAR rise=40 drop=0.125 f=1.3 stable=true atScore=-1.22mm EPISODE=-6.37mm (tick 52, g30<->step0_geom)
      [31s]
   best_r3_vault_50mm.json      sha 7904bf3363c5  kCore=2/9 kCoreStable=2/9 kExt=2/14
      worst minPenetrationEpisode over all 14 cells : -9.79 mm   (at-score worst -1.43 mm)
      worst over the CLEARED cells                  : -7.42 mm
      cells deeper than -15 mm: 0/14   of which CLEARS: 0
      CLEAR rise=40 drop=0.12 f=1 stable=true atScore=-0.76mm EPISODE=-7.42mm (tick 51, g30<->step0_geom)
      CLEAR rise=40 drop=0.125 f=1.3 stable=true atScore=-1.27mm EPISODE=-5.37mm (tick 51, g30<->step0_geom)
      [39s]
   best_r3_vault_60mm.json      sha 4b9110c448ec  kCore=4/9 kCoreStable=4/9 kExt=4/14
      worst minPenetrationEpisode over all 14 cells : -13.67 mm   (at-score worst -1.28 mm)
      worst over the CLEARED cells                  : -9.27 mm
      cells deeper than -15 mm: 0/14   of which CLEARS: 0
      CLEAR rise=50 drop=0.13 f=0.7 stable=true atScore=-0.52mm EPISODE=-8.52mm (tick 69, g31<->step0_geom)
      CLEAR rise=50 drop=0.125 f=1.3 stable=true atScore=-1.28mm EPISODE=-9.27mm (tick 68, g31<->step0_geom)
      CLEAR rise=60 drop=0.12 f=1 stable=true atScore=-0.74mm EPISODE=-8.57mm (tick 69, g31<->step0_geom)
      CLEAR rise=70 drop=0.125 f=1.3 stable=true atScore=-1.21mm EPISODE=-8.88mm (tick 68, g31<->step0_geom)
      [47s]

wrote climb/r5_servo-results.json   [47s]
