=== PHASE P — parity against sim/climb_lib.mjs (tail=policy, criterion=orig) ===
  synthetic (climb/parity.mjs track) rise  40  climb_lib x=0.016995330875893284 z=0.056041836705604885 feetUp=0
                                          rig3      x=0.016995330875893284 z=0.056041836705604885 feetUp=0   EXACT=true
  best_0_40mm.json                   rise  40  climb_lib x=-0.08293496414878636 z=0.11623766616979637 feetUp=0
                                          rig3      x=-0.08293496414878636 z=0.11623766616979637 feetUp=0   EXACT=true
  best_1_90mm.json                   rise  90  climb_lib x=0.011071379107275991 z=0.11620600267601994 feetUp=0
                                          rig3      x=0.011071379107275991 z=0.11620600267601994 feetUp=0   EXACT=true
  best_2_180mm.json                  rise 180  climb_lib x=0.06545704919281363 z=0.11646924243073545 feetUp=0
                                          rig3      x=0.06545704919281363 z=0.11646924243073545 feetUp=0   EXACT=true
  PARITY PASS — rig3 is climb_lib (4 cases, full float digits)

=== PHASE R — export rounding sensitivity (score the file, never the candidate) ===
  best_0_40mm.json     saved x=   -82.9 z=  116.2  | pose re-rounded to 3 dp x=   -63.4 z=  115.3  | moved 19.5 mm in x, 0.9 mm in z
  best_2_40mm.json     saved x=    40.4 z=  116.6  | pose re-rounded to 3 dp x=   -49.8 z=  116.6  | moved 90.1 mm in x, 0.0 mm in z
  best_2_180mm.json    saved x=    65.5 z=  116.5  | pose re-rounded to 3 dp x=    84.0 z=  116.4  | moved 18.6 mm in x, 0.0 mm in z

=== PHASE A — the do-nothing control. A criterion this row passes is not a climbing test. ===
row                         rise  tail    x_mm     y-Y_mm    z_mm  above_mm  feetRaw feetLat feetTread up  ORIG  LAT  HONEST  H60
do-nothing (HOME, vx=0)      20  policy     1.9     -0.1   116.2     96.2       0      0        0  Y   .     .     .      . 
do-nothing (HOME, vx=0)      20  hold     105.3      2.0    57.3     37.3       0      0        0  n   .     .     .      . 
do-nothing (HOME, vx=0)      20  none       1.9     -0.1   116.2     96.2       0      0        0  Y   .     .     .      . 
do-nothing (HOME, vx=0)      40  policy     2.0     -0.2   116.2     76.2       0      0        0  Y   .     .     .      . 
do-nothing (HOME, vx=0)      40  hold     108.8     -2.0    76.9     36.9       0      0        0  n   .     .     .      . 
do-nothing (HOME, vx=0)      40  none       2.0     -0.1   116.2     76.2       0      0        0  Y   .     .     .      . 
do-nothing (HOME, vx=0)      60  policy     2.0     -0.2   116.2     56.2       0      0        0  Y   .     .     .      . 
do-nothing (HOME, vx=0)      60  hold      83.7      7.4    88.2     28.2       0      0        0  n   .     .     .      . 
do-nothing (HOME, vx=0)      60  none       2.0     -0.1   116.2     56.2       0      0        0  Y   .     .     .      . 
do-nothing (HOME, vx=0)      90  policy     2.0     -0.2   116.2     26.2       0      0        0  Y   .     .     .      . 
do-nothing (HOME, vx=0)      90  hold      82.8     -2.8    96.4      6.4       0      0        0  n   .     .     .      . 
do-nothing (HOME, vx=0)      90  none       2.0     -0.1   116.2     26.2       0      0        0  Y   .     .     .      . 
do-nothing (HOME, vx=0)     120  policy     2.0     -0.1   116.2     -3.8       0      0        0  Y   .     .     .      . 
do-nothing (HOME, vx=0)     120  hold      62.4     -0.2   104.0    -16.0       0      0        0  n   .     .     .      . 
do-nothing (HOME, vx=0)     120  none       2.0     -0.1   116.2     -3.8       0      0        0  Y   .     .     .      . 
do-nothing (HOME, vx=0)     180  policy     1.9     -0.1   116.2    -63.8       0      0        0  Y   .     .     .      . 
do-nothing (HOME, vx=0)     180  hold      16.2     -0.1   111.3    -68.7       0      0        0  Y   .     .     .      . 
do-nothing (HOME, vx=0)     180  none       1.9     -0.1   116.2    -63.8       0      0        0  Y   .     .     .      . 

--- walk-only control: same HOME pose, but vx=0.30 (no authored motion at all) ---
row                         rise  tail    x_mm     y-Y_mm    z_mm  above_mm  feetRaw feetLat feetTread up  ORIG  LAT  HONEST  H60
walk-only (HOME, vx=0.30)    20  policy     2.5     -0.2   116.6     96.6       0      0        0  Y   .     .     .      . 
walk-only (HOME, vx=0.30)    20  hold      97.4      4.0    57.1     37.1       0      0        0  n   .     .     .      . 
walk-only (HOME, vx=0.30)    20  none       2.5     -0.2   116.6     96.6       0      0        0  Y   .     .     .      . 
walk-only (HOME, vx=0.30)    40  policy     2.6     -0.3   116.6     76.6       0      0        0  Y   .     .     .      . 
walk-only (HOME, vx=0.30)    40  hold     109.5     -3.0    76.7     36.7       0      0        0  n   .     .     .      . 
walk-only (HOME, vx=0.30)    40  none       2.6     -0.3   116.6     76.6       0      0        0  Y   .     .     .      . 
walk-only (HOME, vx=0.30)    60  policy     2.6     -0.3   116.6     56.6       0      0        0  Y   .     .     .      . 
walk-only (HOME, vx=0.30)    60  hold      93.4      0.9    87.6     27.6       0      0        0  n   .     .     .      . 
walk-only (HOME, vx=0.30)    60  none       2.6     -0.3   116.6     56.6       0      0        0  Y   .     .     .      . 
walk-only (HOME, vx=0.30)    90  policy     2.6     -0.3   116.6     26.6       0      0        0  Y   .     .     .      . 
walk-only (HOME, vx=0.30)    90  hold      78.7     -6.2    98.0      8.0       0      0        0  n   .     .     .      . 
walk-only (HOME, vx=0.30)    90  none       2.6     -0.3   116.6     26.6       0      0        0  Y   .     .     .      . 
walk-only (HOME, vx=0.30)   120  policy     2.5     -0.2   116.6     -3.4       0      0        0  Y   .     .     .      . 
walk-only (HOME, vx=0.30)   120  hold      62.9      1.3   103.8    -16.2       0      0        0  n   .     .     .      . 
walk-only (HOME, vx=0.30)   120  none       2.5     -0.2   116.6     -3.4       0      0        0  Y   .     .     .      . 
walk-only (HOME, vx=0.30)   180  policy     2.5     -0.2   116.6    -63.4       0      0        0  Y   .     .     .      . 
walk-only (HOME, vx=0.30)   180  hold      16.2     -0.0   111.4    -68.6       0      0        0  Y   .     .     .      . 
walk-only (HOME, vx=0.30)   180  none       2.5     -0.2   116.6    -63.4       0      0        0  Y   .     .     .      . 

=== PHASE C — spawned ON the first tread, HOME pose. A criterion NO placement passes cannot express success. ===
--- length-matched do-nothing (short episode) ---
row                         rise  tail    x_mm     y-Y_mm    z_mm  above_mm  feetRaw feetLat feetTread up  ORIG  LAT  HONEST  H60
do-nothing short             20  policy     2.0     -0.1   116.2     96.2       0      0        0  Y   .     .     .      . 
do-nothing short             20  hold     105.1      3.0    57.5     37.5       0      0        0  n   .     .     .      . 
do-nothing short             20  none       2.0     -0.1   116.2     96.2       0      0        0  Y   .     .     .      . 
do-nothing short             40  policy     1.9     -0.1   116.2     76.2       0      0        0  Y   .     .     .      . 
do-nothing short             40  hold     104.9     -7.2    77.7     37.7       0      0        0  n   .     .     .      . 
do-nothing short             40  none       2.0     -0.1   116.2     76.2       0      0        0  Y   .     .     .      . 
do-nothing short             60  policy     1.9     -0.1   116.2     56.2       0      0        0  Y   .     .     .      . 
do-nothing short             60  hold      93.0      1.8    86.8     26.8       0      0        0  n   .     .     .      . 
do-nothing short             60  none       2.0     -0.1   116.2     56.2       0      0        0  Y   .     .     .      . 
do-nothing short             90  policy     1.9     -0.1   116.2     26.2       0      0        0  Y   .     .     .      . 
do-nothing short             90  hold      78.6     -5.9    97.4      7.4       0      0        0  n   .     .     .      . 
do-nothing short             90  none       2.0     -0.1   116.2     26.2       0      0        0  Y   .     .     .      . 
do-nothing short            120  policy     1.9     -0.1   116.2     -3.8       0      0        0  Y   .     .     .      . 
do-nothing short            120  hold      60.9      0.4   104.0    -16.0       0      0        0  n   .     .     .      . 
do-nothing short            120  none       2.0     -0.1   116.2     -3.8       0      0        0  Y   .     .     .      . 
