[60mm] warm start from search_1-results_b1.json (dir 1) + vx probes
[60mm] e1 NEW -7.555 dir+ onTop=false x=-5 z=98 peakX=61 peakZ=127 head=0.03 riser=0.03 foot=0.36 feetUpMax=1 yaw=0.31 vx=0.00 gap=35
[60mm] e2 NEW 1.394 dir+ onTop=false x=-73 z=116 peakX=78 peakZ=123 head=0.20 riser=0.04 foot=0.46 feetUpMax=0 yaw=0.85 vx=0.12 gap=35
[60mm] e4 NEW 4.294 dir+ onTop=false x=-25 z=117 peakX=105 peakZ=124 head=0.09 riser=0.06 foot=0.32 feetUpMax=1 yaw=1.34 vx=0.40 gap=35
[60mm] e29 NEW 4.542 dir+ onTop=false x=0 z=117 peakX=93 peakZ=129 head=0.08 riser=0.19 foot=0.53 feetUpMax=0 yaw=0.91 vx=0.45 gap=33
[60mm] e51 NEW 7.126 dir+ onTop=false x=68 z=117 peakX=87 peakZ=130 head=0.13 riser=0.19 foot=0.40 feetUpMax=0 yaw=1.13 vx=0.37 gap=35
[60mm] e58 NEW 7.159 dir+ onTop=false x=75 z=116 peakX=89 peakZ=128 head=0.05 riser=0.22 foot=0.44 feetUpMax=0 yaw=0.13 vx=0.45 gap=35
[60mm] e473 NEW 7.612 dir+ onTop=false x=25 z=116 peakX=139 peakZ=144 head=0.24 riser=0.15 foot=1.00 feetUpMax=1 yaw=1.47 vx=0.45 gap=31

[60mm] DONE 503 evals in 262s best=7.612 stalled (trunk past the riser, feet never on the tread) cleared 0/3

WROTE search_2-results_b1.json
[90mm] e1 NEW -8.930 dir+ onTop=false x=-165 z=116 peakX=48 peakZ=125 head=0.02 riser=0.01 foot=0.04 feetUpMax=0 yaw=0.08 vx=0.19 gap=4
[90mm] e2 NEW -5.782 dir+ onTop=false x=-97 z=96 peakX=41 peakZ=117 head=0.00 riser=0.03 foot=0.00 feetUpMax=1 yaw=0.00 vx=0.06 gap=11
[90mm] e3 NEW -3.859 dir+ onTop=false x=-58 z=94 peakX=58 peakZ=133 head=0.04 riser=0.05 foot=0.30 feetUpMax=1 yaw=0.11 vx=0.37 gap=4
[90mm] e4 NEW -2.171 dir+ onTop=false x=-42 z=116 peakX=30 peakZ=149 head=0.03 riser=0.07 foot=0.00 feetUpMax=1 yaw=1.67 vx=0.06 gap=23
[90mm] e7 NEW -0.843 dir- onTop=false x=-30 z=116 peakX=43 peakZ=128 head=0.03 riser=0.14 foot=1.00 feetUpMax=1 yaw=0.31 vx=0.33 gap=15
[90mm] e13 NEW -0.483 dir+ onTop=false x=8 z=62 peakX=51 peakZ=123 head=0.02 riser=0.10 foot=0.56 feetUpMax=2 yaw=0.67 vx=0.12 gap=30
[90mm] e55 NEW 0.073 dir- onTop=false x=-58 z=74 peakX=46 peakZ=135 head=0.05 riser=0.11 foot=0.51 feetUpMax=2 yaw=0.58 vx=0.38 gap=14
[90mm] e101 NEW 0.951 dir+ onTop=false x=-13 z=41 peakX=30 peakZ=127 head=0.03 riser=0.19 foot=0.73 feetUpMax=1 yaw=0.27 vx=0.14 gap=30
[90mm] e173 NEW 8.466 dir- onTop=false x=385 z=116 peakX=392 peakZ=139 head=0.10 riser=0.04 foot=0.90 feetUpMax=1 yaw=1.23 vx=0.27 gap=6

[90mm] DONE 272 evals in 162s best=8.466 stalled (trunk past the riser, feet never on the tread) cleared 0/3

WROTE search_2-results_b2.json
[180mm] e1 NEW -2.838 dir+ onTop=false x=-46 z=36 peakX=38 peakZ=119 head=0.07 riser=0.26 foot=0.74 feetUpMax=0 yaw=1.21 vx=0.06 gap=14
[180mm] e5 NEW 0.212 dir+ onTop=false x=38 z=116 peakX=46 peakZ=130 head=0.32 riser=0.12 foot=0.00 feetUpMax=0 yaw=3.14 vx=0.35 gap=18
[180mm] e49 NEW 2.714 dir+ onTop=false x=50 z=117 peakX=86 peakZ=134 head=0.54 riser=0.45 foot=0.12 feetUpMax=0 yaw=1.73 vx=0.43 gap=20
[180mm] e109 NEW 3.014 dir+ onTop=false x=46 z=117 peakX=68 peakZ=137 head=0.38 riser=0.17 foot=0.00 feetUpMax=0 yaw=1.71 vx=0.42 gap=20
[180mm] e126 NEW 5.423 dir+ onTop=false x=70 z=117 peakX=91 peakZ=125 head=0.41 riser=0.13 foot=0.50 feetUpMax=0 yaw=0.58 vx=0.39 gap=18
[180mm] e128 NEW 5.809 dir+ onTop=false x=68 z=117 peakX=90 peakZ=139 head=0.63 riser=0.14 foot=0.38 feetUpMax=0 yaw=0.99 vx=0.39 gap=19
[180mm] e178 NEW 6.618 dir- onTop=false x=87 z=116 peakX=91 peakZ=122 head=0.48 riser=0.69 foot=0.67 feetUpMax=0 yaw=0.65 vx=0.17 gap=11

[180mm] DONE 264 evals in 160s best=6.618 never reached (trunk never past the riser) cleared 0/3

WROTE search_2-results_b3.json
PROC2_B_DONE
